mode: atomic
github.com/mikekao/openkore/goKore/network/implementation/network/receive/game/actor/actor.go:93.59,103.2 1 214
github.com/mikekao/openkore/goKore/network/implementation/network/receive/game/actor/actor.go:106.33,108.2 1 524
github.com/mikekao/openkore/goKore/network/implementation/network/receive/game/actor/actor.go:111.37,113.2 1 3
github.com/mikekao/openkore/goKore/network/implementation/network/receive/game/actor/actor.go:116.35,117.18 1 165
github.com/mikekao/openkore/goKore/network/implementation/network/receive/game/actor/actor.go:117.18,119.3 1 2
github.com/mikekao/openkore/goKore/network/implementation/network/receive/game/actor/actor.go:120.2,120.15 1 163
github.com/mikekao/openkore/goKore/network/implementation/network/receive/game/actor/actor.go:124.42,126.2 1 95
github.com/mikekao/openkore/goKore/network/implementation/network/receive/game/actor/actor.go:129.42,131.2 1 14
github.com/mikekao/openkore/goKore/network/implementation/network/receive/game/actor/actor.go:134.44,136.2 1 9
github.com/mikekao/openkore/goKore/network/implementation/network/receive/game/actor/actor.go:139.48,141.2 1 30
github.com/mikekao/openkore/goKore/network/implementation/network/receive/game/actor/actor.go:144.50,146.2 1 28
github.com/mikekao/openkore/goKore/network/implementation/network/receive/game/actor/actor.go:149.40,151.2 1 4
github.com/mikekao/openkore/goKore/network/implementation/network/receive/game/actor/actor.go:154.36,156.2 1 2
github.com/mikekao/openkore/goKore/network/implementation/network/receive/game/actor/actor.go:159.42,161.2 1 3
github.com/mikekao/openkore/goKore/network/implementation/network/receive/game/actor/actor.go:164.44,166.2 1 0
github.com/mikekao/openkore/goKore/network/implementation/network/receive/game/actor/actor.go:169.41,171.2 1 27
github.com/mikekao/openkore/goKore/network/implementation/network/receive/game/actor/actor.go:174.49,176.2 1 3
github.com/mikekao/openkore/goKore/network/implementation/network/receive/game/actor/actor.go:179.42,181.2 1 1
github.com/mikekao/openkore/goKore/network/implementation/network/receive/game/actor/actor.go:184.46,186.2 1 26
github.com/mikekao/openkore/goKore/network/implementation/network/receive/game/actor/actor.go:189.44,191.2 1 1
github.com/mikekao/openkore/goKore/network/implementation/network/receive/game/actor/actor.go:194.48,196.2 1 26
github.com/mikekao/openkore/goKore/network/implementation/network/receive/game/actor/actor.go:199.41,201.2 1 3
github.com/mikekao/openkore/goKore/network/implementation/network/receive/game/actor/actor.go:204.38,221.2 3 38
github.com/mikekao/openkore/goKore/network/implementation/network/receive/game/actor/actor.go:224.37,225.16 1 214
github.com/mikekao/openkore/goKore/network/implementation/network/receive/game/actor/actor.go:225.16,227.3 1 3
github.com/mikekao/openkore/goKore/network/implementation/network/receive/game/actor/actor.go:228.2,228.77 1 211
github.com/mikekao/openkore/goKore/network/implementation/network/receive/game/actor/actor_list.go:14.32,18.2 1 84
github.com/mikekao/openkore/goKore/network/implementation/network/receive/game/actor/actor_list.go:21.38,22.18 1 215
github.com/mikekao/openkore/goKore/network/implementation/network/receive/game/actor/actor_list.go:22.18,24.3 1 1
github.com/mikekao/openkore/goKore/network/implementation/network/receive/game/actor/actor_list.go:26.2,29.38 3 214
github.com/mikekao/openkore/goKore/network/implementation/network/receive/game/actor/actor_list.go:33.41,34.18 1 135
github.com/mikekao/openkore/goKore/network/implementation/network/receive/game/actor/actor_list.go:34.18,36.3 1 0
github.com/mikekao/openkore/goKore/network/implementation/network/receive/game/actor/actor_list.go:38.2,41.38 3 135
github.com/mikekao/openkore/goKore/network/implementation/network/receive/game/actor/actor_list.go:45.43,50.2 3 2
github.com/mikekao/openkore/goKore/network/implementation/network/receive/game/actor/actor_list.go:53.46,58.2 3 349
github.com/mikekao/openkore/goKore/network/implementation/network/receive/game/actor/actor_list.go:61.38,66.33 4 1
github.com/mikekao/openkore/goKore/network/implementation/network/receive/game/actor/actor_list.go:66.33,68.3 1 2
github.com/mikekao/openkore/goKore/network/implementation/network/receive/game/actor/actor_list.go:70.2,70.15 1 1
github.com/mikekao/openkore/goKore/network/implementation/network/receive/game/actor/actor_list.go:74.33,79.2 3 25
github.com/mikekao/openkore/goKore/network/implementation/network/receive/game/actor/actor_list.go:82.29,87.2 3 2
github.com/mikekao/openkore/goKore/network/implementation/network/receive/game/actor/actor_list.go:90.45,94.33 3 3
github.com/mikekao/openkore/goKore/network/implementation/network/receive/game/actor/actor_list.go:94.33,96.3 1 20
github.com/mikekao/openkore/goKore/network/implementation/network/receive/game/actor/actor_list.go:100.60,105.33 4 5
github.com/mikekao/openkore/goKore/network/implementation/network/receive/game/actor/actor_list.go:105.33,106.16 1 40
github.com/mikekao/openkore/goKore/network/implementation/network/receive/game/actor/actor_list.go:106.16,108.4 1 20
github.com/mikekao/openkore/goKore/network/implementation/network/receive/game/actor/actor_list.go:111.2,111.15 1 5
github.com/mikekao/openkore/goKore/network/implementation/network/receive/game/actor/actor_list.go:115.46,121.2 4 4
github.com/mikekao/openkore/goKore/network/implementation/network/receive/game/actor/actor_list.go:129.36,133.2 1 25
github.com/mikekao/openkore/goKore/network/implementation/network/receive/game/actor/actor_list.go:136.43,138.2 1 37
github.com/mikekao/openkore/goKore/network/implementation/network/receive/game/actor/actor_list.go:141.50,143.18 2 140
github.com/mikekao/openkore/goKore/network/implementation/network/receive/game/actor/actor_list.go:143.18,145.3 1 68
github.com/mikekao/openkore/goKore/network/implementation/network/receive/game/actor/actor_list.go:146.2,146.24 1 72
github.com/mikekao/openkore/goKore/network/implementation/network/receive/game/actor/actor_list.go:155.38,159.2 1 25
github.com/mikekao/openkore/goKore/network/implementation/network/receive/game/actor/actor_list.go:162.46,164.2 1 25
github.com/mikekao/openkore/goKore/network/implementation/network/receive/game/actor/actor_list.go:167.52,169.18 2 72
github.com/mikekao/openkore/goKore/network/implementation/network/receive/game/actor/actor_list.go:169.18,171.3 1 32
github.com/mikekao/openkore/goKore/network/implementation/network/receive/game/actor/actor_list.go:172.2,172.25 1 40
github.com/mikekao/openkore/goKore/network/implementation/network/receive/game/actor/actor_list.go:181.30,185.2 1 24
github.com/mikekao/openkore/goKore/network/implementation/network/receive/game/actor/actor_list.go:188.34,190.2 1 7
github.com/mikekao/openkore/goKore/network/implementation/network/receive/game/actor/actor_list.go:193.44,195.18 2 34
github.com/mikekao/openkore/goKore/network/implementation/network/receive/game/actor/actor_list.go:195.18,197.3 1 27
github.com/mikekao/openkore/goKore/network/implementation/network/receive/game/actor/actor_list.go:198.2,198.21 1 7
github.com/mikekao/openkore/goKore/network/implementation/network/receive/game/actor/handler.go:46.28,56.2 1 23
github.com/mikekao/openkore/goKore/network/implementation/network/receive/game/actor/handler.go:59.68,61.2 1 16
github.com/mikekao/openkore/goKore/network/implementation/network/receive/game/actor/handler.go:64.63,65.36 1 106
github.com/mikekao/openkore/goKore/network/implementation/network/receive/game/actor/handler.go:65.36,67.3 1 14
github.com/mikekao/openkore/goKore/network/implementation/network/receive/game/actor/handler.go:71.67,74.9 2 26
github.com/mikekao/openkore/goKore/network/implementation/network/receive/game/actor/handler.go:74.9,77.3 2 0
github.com/mikekao/openkore/goKore/network/implementation/network/receive/game/actor/handler.go:78.2,79.9 2 26
github.com/mikekao/openkore/goKore/network/implementation/network/receive/game/actor/handler.go:79.9,82.3 2 0
github.com/mikekao/openkore/goKore/network/implementation/network/receive/game/actor/handler.go:85.2,86.9 2 26
github.com/mikekao/openkore/goKore/network/implementation/network/receive/game/actor/handler.go:86.9,89.3 2 1
github.com/mikekao/openkore/goKore/network/implementation/network/receive/game/actor/handler.go:90.2,91.9 2 25
github.com/mikekao/openkore/goKore/network/implementation/network/receive/game/actor/handler.go:91.9,94.3 2 0
github.com/mikekao/openkore/goKore/network/implementation/network/receive/game/actor/handler.go:97.2,98.9 2 25
github.com/mikekao/openkore/goKore/network/implementation/network/receive/game/actor/handler.go:98.9,101.3 2 0
github.com/mikekao/openkore/goKore/network/implementation/network/receive/game/actor/handler.go:102.2,103.9 2 25
github.com/mikekao/openkore/goKore/network/implementation/network/receive/game/actor/handler.go:103.9,106.3 2 0
github.com/mikekao/openkore/goKore/network/implementation/network/receive/game/actor/handler.go:109.2,110.9 2 25
github.com/mikekao/openkore/goKore/network/implementation/network/receive/game/actor/handler.go:110.9,113.3 2 0
github.com/mikekao/openkore/goKore/network/implementation/network/receive/game/actor/handler.go:114.2,115.9 2 25
github.com/mikekao/openkore/goKore/network/implementation/network/receive/game/actor/handler.go:115.9,118.3 2 0
github.com/mikekao/openkore/goKore/network/implementation/network/receive/game/actor/handler.go:121.2,122.47 2 25
github.com/mikekao/openkore/goKore/network/implementation/network/receive/game/actor/handler.go:122.47,123.23 1 25
github.com/mikekao/openkore/goKore/network/implementation/network/receive/game/actor/handler.go:123.23,126.4 1 25
github.com/mikekao/openkore/goKore/network/implementation/network/receive/game/actor/handler.go:126.9,130.4 2 0
github.com/mikekao/openkore/goKore/network/implementation/network/receive/game/actor/handler.go:134.2,134.31 1 25
github.com/mikekao/openkore/goKore/network/implementation/network/receive/game/actor/handler.go:134.31,138.3 2 0
github.com/mikekao/openkore/goKore/network/implementation/network/receive/game/actor/handler.go:141.2,144.56 2 25
github.com/mikekao/openkore/goKore/network/implementation/network/receive/game/actor/handler.go:144.56,146.3 1 4
github.com/mikekao/openkore/goKore/network/implementation/network/receive/game/actor/handler.go:146.8,146.66 1 21
github.com/mikekao/openkore/goKore/network/implementation/network/receive/game/actor/handler.go:146.66,148.3 1 0
github.com/mikekao/openkore/goKore/network/implementation/network/receive/game/actor/handler.go:148.8,148.54 1 21
github.com/mikekao/openkore/goKore/network/implementation/network/receive/game/actor/handler.go:148.54,150.3 1 0
github.com/mikekao/openkore/goKore/network/implementation/network/receive/game/actor/handler.go:150.8,152.38 1 21
github.com/mikekao/openkore/goKore/network/implementation/network/receive/game/actor/handler.go:152.38,158.4 5 21
github.com/mikekao/openkore/goKore/network/implementation/network/receive/game/actor/handler.go:158.9,158.46 1 0
github.com/mikekao/openkore/goKore/network/implementation/network/receive/game/actor/handler.go:158.46,167.4 8 0
github.com/mikekao/openkore/goKore/network/implementation/network/receive/game/actor/handler.go:167.9,167.42 1 0
github.com/mikekao/openkore/goKore/network/implementation/network/receive/game/actor/handler.go:167.42,175.4 7 0
github.com/mikekao/openkore/goKore/network/implementation/network/receive/game/actor/handler.go:178.2,178.18 1 25
github.com/mikekao/openkore/goKore/network/implementation/network/receive/game/actor/handler.go:178.18,181.3 2 0
github.com/mikekao/openkore/goKore/network/implementation/network/receive/game/actor/handler.go:184.2,197.9 8 25
github.com/mikekao/openkore/goKore/network/implementation/network/receive/game/actor/handler.go:197.9,200.3 2 0
github.com/mikekao/openkore/goKore/network/implementation/network/receive/game/actor/handler.go:201.2,202.9 2 25
github.com/mikekao/openkore/goKore/network/implementation/network/receive/game/actor/handler.go:202.9,205.3 2 0
github.com/mikekao/openkore/goKore/network/implementation/network/receive/game/actor/handler.go:207.2,207.9 1 25
github.com/mikekao/openkore/goKore/network/implementation/network/receive/game/actor/handler.go:208.33,209.30 1 15
github.com/mikekao/openkore/goKore/network/implementation/network/receive/game/actor/handler.go:210.36,211.33 1 5
github.com/mikekao/openkore/goKore/network/implementation/network/receive/game/actor/handler.go:212.32,213.29 1 4
github.com/mikekao/openkore/goKore/network/implementation/network/receive/game/actor/handler.go:214.34,215.31 1 1
github.com/mikekao/openkore/goKore/network/implementation/network/receive/game/actor/handler.go:220.77,225.56 3 35
github.com/mikekao/openkore/goKore/network/implementation/network/receive/game/actor/handler.go:225.56,226.37 1 19
github.com/mikekao/openkore/goKore/network/implementation/network/receive/game/actor/handler.go:226.37,235.4 6 3
github.com/mikekao/openkore/goKore/network/implementation/network/receive/game/actor/handler.go:235.9,236.25 1 16
github.com/mikekao/openkore/goKore/network/implementation/network/receive/game/actor/handler.go:237.29,239.32 2 14
github.com/mikekao/openkore/goKore/network/implementation/network/receive/game/actor/handler.go:240.28,241.59 1 1
github.com/mikekao/openkore/goKore/network/implementation/network/receive/game/actor/handler.go:242.27,244.31 2 1
github.com/mikekao/openkore/goKore/network/implementation/network/receive/game/actor/handler.go:245.12,247.32 2 0
github.com/mikekao/openkore/goKore/network/implementation/network/receive/game/actor/handler.go:250.4,253.32 4 16
github.com/mikekao/openkore/goKore/network/implementation/network/receive/game/actor/handler.go:257.8,257.66 1 16
github.com/mikekao/openkore/goKore/network/implementation/network/receive/game/actor/handler.go:257.66,258.37 1 14
github.com/mikekao/openkore/goKore/network/implementation/network/receive/game/actor/handler.go:258.37,261.4 2 13
github.com/mikekao/openkore/goKore/network/implementation/network/receive/game/actor/handler.go:261.9,261.48 1 1
github.com/mikekao/openkore/goKore/network/implementation/network/receive/game/actor/handler.go:261.48,264.4 2 0
github.com/mikekao/openkore/goKore/network/implementation/network/receive/game/actor/handler.go:264.9,267.4 2 1
github.com/mikekao/openkore/goKore/network/implementation/network/receive/game/actor/handler.go:269.3,272.33 4 14
github.com/mikekao/openkore/goKore/network/implementation/network/receive/game/actor/handler.go:275.8,275.54 1 2
github.com/mikekao/openkore/goKore/network/implementation/network/receive/game/actor/handler.go:275.54,283.3 6 0
github.com/mikekao/openkore/goKore/network/implementation/network/receive/game/actor/handler.go:283.8,285.3 1 2
github.com/mikekao/openkore/goKore/network/implementation/network/receive/game/actor/handler.go:289.66,296.35 5 26
github.com/mikekao/openkore/goKore/network/implementation/network/receive/game/actor/handler.go:296.35,297.36 1 24
github.com/mikekao/openkore/goKore/network/implementation/network/receive/game/actor/handler.go:297.36,299.4 1 24
github.com/mikekao/openkore/goKore/network/implementation/network/receive/game/actor/handler.go:302.2,302.50 1 26
github.com/mikekao/openkore/goKore/network/implementation/network/receive/game/actor/handler.go:302.50,303.44 1 24
github.com/mikekao/openkore/goKore/network/implementation/network/receive/game/actor/handler.go:303.44,305.4 1 24
github.com/mikekao/openkore/goKore/network/implementation/network/receive/game/actor/handler.go:308.2,317.36 5 26
github.com/mikekao/openkore/goKore/network/implementation/network/receive/game/actor/handler.go:317.36,320.3 2 2
github.com/mikekao/openkore/goKore/network/implementation/network/receive/game/actor/handler.go:323.2,323.20 1 24
github.com/mikekao/openkore/goKore/network/implementation/network/receive/game/actor/handler.go:324.24,326.63 1 0
github.com/mikekao/openkore/goKore/network/implementation/network/receive/game/actor/handler.go:328.17,331.41 2 3
github.com/mikekao/openkore/goKore/network/implementation/network/receive/game/actor/handler.go:331.41,333.4 1 3
github.com/mikekao/openkore/goKore/network/implementation/network/receive/game/actor/handler.go:335.19,338.41 2 3
github.com/mikekao/openkore/goKore/network/implementation/network/receive/game/actor/handler.go:338.41,340.4 1 3
github.com/mikekao/openkore/goKore/network/implementation/network/receive/game/actor/handler.go:342.10,345.23 2 18
github.com/mikekao/openkore/goKore/network/implementation/network/receive/game/actor/handler.go:345.23,347.39 2 2
github.com/mikekao/openkore/goKore/network/implementation/network/receive/game/actor/handler.go:347.39,349.5 1 1
github.com/mikekao/openkore/goKore/network/implementation/network/receive/game/actor/handler.go:350.9,352.42 2 16
github.com/mikekao/openkore/goKore/network/implementation/network/receive/game/actor/handler.go:352.42,354.5 1 1
github.com/mikekao/openkore/goKore/network/implementation/network/receive/game/actor/handler.go:355.4,355.27 1 16
github.com/mikekao/openkore/goKore/network/implementation/network/receive/game/actor/handler.go:355.27,357.5 1 1
github.com/mikekao/openkore/goKore/network/implementation/network/receive/game/actor/handler.go:361.3,361.41 1 18
github.com/mikekao/openkore/goKore/network/implementation/network/receive/game/actor/handler.go:361.41,364.21 1 0
github.com/mikekao/openkore/goKore/network/implementation/network/receive/game/actor/handler.go:364.21,366.5 1 0
github.com/mikekao/openkore/goKore/network/implementation/network/receive/game/actor/handler.go:369.3,375.5 2 18
github.com/mikekao/openkore/goKore/network/implementation/network/receive/game/actor/handler.go:380.64,385.56 3 7
github.com/mikekao/openkore/goKore/network/implementation/network/receive/game/actor/handler.go:385.56,389.54 2 4
github.com/mikekao/openkore/goKore/network/implementation/network/receive/game/actor/handler.go:389.54,391.4 1 4
github.com/mikekao/openkore/goKore/network/implementation/network/receive/game/actor/handler.go:392.3,392.54 1 4
github.com/mikekao/openkore/goKore/network/implementation/network/receive/game/actor/handler.go:392.54,394.4 1 4
github.com/mikekao/openkore/goKore/network/implementation/network/receive/game/actor/handler.go:395.3,395.56 1 4
github.com/mikekao/openkore/goKore/network/implementation/network/receive/game/actor/handler.go:395.56,397.4 1 4
github.com/mikekao/openkore/goKore/network/implementation/network/receive/game/actor/handler.go:399.3,400.76 2 4
github.com/mikekao/openkore/goKore/network/implementation/network/receive/game/actor/handler.go:403.8,403.66 1 3
github.com/mikekao/openkore/goKore/network/implementation/network/receive/game/actor/handler.go:403.66,411.3 4 1
github.com/mikekao/openkore/goKore/network/implementation/network/receive/game/actor/handler.go:411.8,411.54 1 2
github.com/mikekao/openkore/goKore/network/implementation/network/receive/game/actor/handler.go:411.54,416.3 3 1
github.com/mikekao/openkore/goKore/network/implementation/network/receive/game/actor/handler.go:422.47,425.2 1 25
github.com/mikekao/openkore/goKore/network/implementation/network/receive/game/actor/handler.go:428.66,429.21 1 28
github.com/mikekao/openkore/goKore/network/implementation/network/receive/game/actor/handler.go:429.21,431.3 1 1
github.com/mikekao/openkore/goKore/network/implementation/network/receive/game/actor/handler.go:435.2,441.22 5 27
github.com/mikekao/openkore/goKore/network/implementation/network/receive/game/actor/handler.go:441.22,443.3 1 1
github.com/mikekao/openkore/goKore/network/implementation/network/receive/game/actor/handler.go:445.2,445.65 1 27
github.com/mikekao/openkore/goKore/network/implementation/network/receive/game/actor/handler.go:449.50,450.21 1 3
github.com/mikekao/openkore/goKore/network/implementation/network/receive/game/actor/handler.go:450.21,452.3 1 2
github.com/mikekao/openkore/goKore/network/implementation/network/receive/game/actor/handler.go:456.2,459.30 3 1
github.com/mikekao/openkore/goKore/network/implementation/network/receive/game/actor/handler.go:463.67,466.2 1 25
github.com/mikekao/openkore/goKore/network/implementation/network/receive/game/actor/handler.go:469.55,472.2 1 27
github.com/mikekao/openkore/goKore/network/implementation/network/receive/game/actor/handler.go:475.56,478.2 1 14
github.com/mikekao/openkore/goKore/network/implementation/network/receive/game/actor/handler.go:481.69,483.2 1 7
github.com/mikekao/openkore/goKore/network/implementation/network/receive/game/actor/handler.go:486.52,489.2 1 14
github.com/mikekao/openkore/goKore/network/implementation/network/receive/game/actor/handler.go:492.65,494.2 1 7
github.com/mikekao/openkore/goKore/network/implementation/network/receive/game/actor/handler.go:497.65,499.2 0 27
github.com/mikekao/openkore/goKore/network/implementation/network/receive/game/actor/handler.go:502.79,504.2 0 28
github.com/mikekao/openkore/goKore/network/implementation/network/receive/game/actor/handler.go:507.44,508.56 1 52
github.com/mikekao/openkore/goKore/network/implementation/network/receive/game/actor/handler.go:508.56,510.3 1 31
github.com/mikekao/openkore/goKore/network/implementation/network/receive/game/actor/handler.go:511.2,511.59 1 21
github.com/mikekao/openkore/goKore/network/implementation/network/receive/game/actor/handler.go:511.59,513.3 1 18
github.com/mikekao/openkore/goKore/network/implementation/network/receive/game/actor/handler.go:514.2,514.47 1 3
github.com/mikekao/openkore/goKore/network/implementation/network/receive/game/actor/handler.go:514.47,516.3 1 0
github.com/mikekao/openkore/goKore/network/implementation/network/receive/game/actor/handler.go:517.2,517.12 1 3
github.com/mikekao/openkore/goKore/network/implementation/network/receive/game/actor/handler.go:522.44,523.20 1 30
github.com/mikekao/openkore/goKore/network/implementation/network/receive/game/actor/handler.go:524.70,525.14 1 16
github.com/mikekao/openkore/goKore/network/implementation/network/receive/game/actor/handler.go:526.10,527.15 1 14
github.com/mikekao/openkore/goKore/network/implementation/network/receive/game/actor/handler.go:531.47,532.20 1 15
github.com/mikekao/openkore/goKore/network/implementation/network/receive/game/actor/handler.go:533.86,534.14 1 6
github.com/mikekao/openkore/goKore/network/implementation/network/receive/game/actor/handler.go:535.10,536.15 1 9
github.com/mikekao/openkore/goKore/network/implementation/network/receive/game/actor/handler.go:540.43,541.20 1 10
github.com/mikekao/openkore/goKore/network/implementation/network/receive/game/actor/handler.go:542.86,543.14 1 5
github.com/mikekao/openkore/goKore/network/implementation/network/receive/game/actor/handler.go:544.10,545.15 1 5
github.com/mikekao/openkore/goKore/network/implementation/network/receive/game/actor/handler.go:549.45,551.2 1 8
github.com/mikekao/openkore/goKore/network/implementation/network/receive/game/actor/handler.go:554.58,556.2 1 2
github.com/mikekao/openkore/goKore/network/implementation/network/receive/game/actor/handler.go:560.49,561.27 1 15
github.com/mikekao/openkore/goKore/network/implementation/network/receive/game/actor/handler.go:562.15,564.69 2 15
github.com/mikekao/openkore/goKore/network/implementation/network/receive/game/actor/handler.go:565.16,567.71 2 0
github.com/mikekao/openkore/goKore/network/implementation/network/receive/game/actor/handler.go:568.12,570.63 2 0
github.com/mikekao/openkore/goKore/network/implementation/network/receive/game/actor/handler.go:574.52,575.39 1 5
github.com/mikekao/openkore/goKore/network/implementation/network/receive/game/actor/handler.go:575.39,578.3 2 5
github.com/mikekao/openkore/goKore/network/implementation/network/receive/game/actor/handler.go:578.8,580.3 1 0
github.com/mikekao/openkore/goKore/network/implementation/network/receive/game/actor/handler.go:583.48,587.27 3 4
github.com/mikekao/openkore/goKore/network/implementation/network/receive/game/actor/handler.go:588.15,591.35 2 4
github.com/mikekao/openkore/goKore/network/implementation/network/receive/game/actor/handler.go:592.16,595.36 2 0
github.com/mikekao/openkore/goKore/network/implementation/network/receive/game/actor/handler.go:596.12,599.32 2 0
github.com/mikekao/openkore/goKore/network/implementation/network/receive/game/actor/handler.go:603.50,604.27 1 1
github.com/mikekao/openkore/goKore/network/implementation/network/receive/game/actor/handler.go:605.15,607.71 2 1
github.com/mikekao/openkore/goKore/network/implementation/network/receive/game/actor/handler.go:608.16,610.73 2 0
github.com/mikekao/openkore/goKore/network/implementation/network/receive/game/actor/handler.go:611.12,613.65 2 0
github.com/mikekao/openkore/goKore/network/implementation/network/receive/game/actor/monster.go:34.37,39.2 1 29
github.com/mikekao/openkore/goKore/network/implementation/network/receive/game/actor/monster.go:42.36,44.2 1 1
github.com/mikekao/openkore/goKore/network/implementation/network/receive/game/actor/monster.go:47.46,49.2 1 14
github.com/mikekao/openkore/goKore/network/implementation/network/receive/game/actor/monster.go:52.38,54.2 1 1
github.com/mikekao/openkore/goKore/network/implementation/network/receive/game/actor/monster.go:57.50,59.2 1 2
github.com/mikekao/openkore/goKore/network/implementation/network/receive/game/actor/monster.go:62.34,64.2 1 2
github.com/mikekao/openkore/goKore/network/implementation/network/receive/game/actor/monster.go:67.42,69.2 1 1
github.com/mikekao/openkore/goKore/network/implementation/network/receive/game/actor/monster.go:72.31,74.2 1 1
github.com/mikekao/openkore/goKore/network/implementation/network/receive/game/actor/monster.go:77.34,79.2 1 1
github.com/mikekao/openkore/goKore/network/implementation/network/receive/game/actor/monster.go:82.36,84.2 1 3
github.com/mikekao/openkore/goKore/network/implementation/network/receive/game/actor/monster.go:87.42,89.2 1 3
github.com/mikekao/openkore/goKore/network/implementation/network/receive/game/actor/monster.go:92.35,93.18 1 3
github.com/mikekao/openkore/goKore/network/implementation/network/receive/game/actor/monster.go:93.18,95.3 1 1
github.com/mikekao/openkore/goKore/network/implementation/network/receive/game/actor/monster.go:96.2,96.54 1 2
github.com/mikekao/openkore/goKore/network/implementation/network/receive/game/actor/monster.go:100.33,102.2 1 4
github.com/mikekao/openkore/goKore/network/implementation/network/receive/game/actor/monster.go:105.38,107.2 1 14
github.com/mikekao/openkore/goKore/network/implementation/network/receive/game/actor/monster.go:110.39,112.2 1 1
github.com/mikekao/openkore/goKore/network/implementation/network/receive/game/actor/monster.go:115.50,117.2 1 1
github.com/mikekao/openkore/goKore/network/implementation/network/receive/game/actor/monster.go:120.40,122.2 1 2
github.com/mikekao/openkore/goKore/network/implementation/network/receive/game/actor/monster.go:125.52,127.2 1 2
github.com/mikekao/openkore/goKore/network/implementation/network/receive/game/actor/monster.go:130.40,132.2 1 1
github.com/mikekao/openkore/goKore/network/implementation/network/receive/game/actor/monster.go:135.51,137.2 1 15
github.com/mikekao/openkore/goKore/network/implementation/network/receive/game/actor/monster.go:140.42,142.2 1 2
github.com/mikekao/openkore/goKore/network/implementation/network/receive/game/actor/monster.go:145.51,147.2 1 2
github.com/mikekao/openkore/goKore/network/implementation/network/receive/game/actor/monster.go:150.44,152.2 1 1
github.com/mikekao/openkore/goKore/network/implementation/network/receive/game/actor/monster.go:155.53,157.2 1 2
github.com/mikekao/openkore/goKore/network/implementation/network/receive/game/actor/monster.go:160.63,162.2 1 4
github.com/mikekao/openkore/goKore/network/implementation/network/receive/game/actor/monster.go:165.55,167.2 1 4
github.com/mikekao/openkore/goKore/network/implementation/network/receive/game/actor/monster.go:170.39,172.2 1 1
github.com/mikekao/openkore/goKore/network/implementation/network/receive/game/actor/monster.go:175.36,195.40 3 15
github.com/mikekao/openkore/goKore/network/implementation/network/receive/game/actor/monster.go:195.40,197.3 1 2
github.com/mikekao/openkore/goKore/network/implementation/network/receive/game/actor/monster.go:199.2,199.20 1 15
github.com/mikekao/openkore/goKore/network/implementation/network/receive/game/actor/npc.go:24.29,28.2 1 9
github.com/mikekao/openkore/goKore/network/implementation/network/receive/game/actor/npc.go:31.32,33.2 1 4
github.com/mikekao/openkore/goKore/network/implementation/network/receive/game/actor/npc.go:36.42,38.2 1 3
github.com/mikekao/openkore/goKore/network/implementation/network/receive/game/actor/npc.go:41.33,43.2 1 4
github.com/mikekao/openkore/goKore/network/implementation/network/receive/game/actor/npc.go:46.44,48.2 1 3
github.com/mikekao/openkore/goKore/network/implementation/network/receive/game/actor/npc.go:51.36,53.2 1 4
github.com/mikekao/openkore/goKore/network/implementation/network/receive/game/actor/npc.go:56.48,58.2 1 3
github.com/mikekao/openkore/goKore/network/implementation/network/receive/game/actor/npc.go:61.36,63.2 1 2
github.com/mikekao/openkore/goKore/network/implementation/network/receive/game/actor/npc.go:66.47,68.2 1 1
github.com/mikekao/openkore/goKore/network/implementation/network/receive/game/actor/npc.go:71.27,74.2 0 1
github.com/mikekao/openkore/goKore/network/implementation/network/receive/game/actor/npc.go:77.35,79.2 1 2
github.com/mikekao/openkore/goKore/network/implementation/network/receive/game/actor/npc.go:82.32,94.2 3 1
github.com/mikekao/openkore/goKore/network/implementation/network/receive/game/actor/player.go:54.35,60.2 1 41
github.com/mikekao/openkore/goKore/network/implementation/network/receive/game/actor/player.go:63.31,66.2 1 3
github.com/mikekao/openkore/goKore/network/implementation/network/receive/game/actor/player.go:69.39,71.2 1 2
github.com/mikekao/openkore/goKore/network/implementation/network/receive/game/actor/player.go:74.33,76.2 1 2
github.com/mikekao/openkore/goKore/network/implementation/network/receive/game/actor/player.go:79.41,81.2 1 1
github.com/mikekao/openkore/goKore/network/implementation/network/receive/game/actor/player.go:84.29,86.2 1 1
github.com/mikekao/openkore/goKore/network/implementation/network/receive/game/actor/player.go:89.35,91.2 1 1
github.com/mikekao/openkore/goKore/network/implementation/network/receive/game/actor/player.go:94.30,96.2 1 1
github.com/mikekao/openkore/goKore/network/implementation/network/receive/game/actor/player.go:99.33,101.2 1 1
github.com/mikekao/openkore/goKore/network/implementation/network/receive/game/actor/player.go:104.35,106.2 1 3
github.com/mikekao/openkore/goKore/network/implementation/network/receive/game/actor/player.go:109.41,111.2 1 3
github.com/mikekao/openkore/goKore/network/implementation/network/receive/game/actor/player.go:114.34,115.18 1 3
github.com/mikekao/openkore/goKore/network/implementation/network/receive/game/actor/player.go:115.18,117.3 1 1
github.com/mikekao/openkore/goKore/network/implementation/network/receive/game/actor/player.go:118.2,118.54 1 2
github.com/mikekao/openkore/goKore/network/implementation/network/receive/game/actor/player.go:122.30,124.2 1 1
github.com/mikekao/openkore/goKore/network/implementation/network/receive/game/actor/player.go:127.33,129.2 1 1
github.com/mikekao/openkore/goKore/network/implementation/network/receive/game/actor/player.go:132.35,134.2 1 3
github.com/mikekao/openkore/goKore/network/implementation/network/receive/game/actor/player.go:137.41,139.2 1 3
github.com/mikekao/openkore/goKore/network/implementation/network/receive/game/actor/player.go:142.34,143.18 1 3
github.com/mikekao/openkore/goKore/network/implementation/network/receive/game/actor/player.go:143.18,145.3 1 1
github.com/mikekao/openkore/goKore/network/implementation/network/receive/game/actor/player.go:146.2,146.54 1 2
github.com/mikekao/openkore/goKore/network/implementation/network/receive/game/actor/player.go:150.35,152.2 1 7
github.com/mikekao/openkore/goKore/network/implementation/network/receive/game/actor/player.go:155.43,157.2 1 7
github.com/mikekao/openkore/goKore/network/implementation/network/receive/game/actor/player.go:160.32,162.2 1 4
github.com/mikekao/openkore/goKore/network/implementation/network/receive/game/actor/player.go:165.37,167.2 1 4
github.com/mikekao/openkore/goKore/network/implementation/network/receive/game/actor/player.go:170.35,172.2 1 1
github.com/mikekao/openkore/goKore/network/implementation/network/receive/game/actor/player.go:175.45,177.2 1 1
github.com/mikekao/openkore/goKore/network/implementation/network/receive/game/actor/player.go:180.37,182.2 1 4
github.com/mikekao/openkore/goKore/network/implementation/network/receive/game/actor/player.go:185.49,187.2 1 5
github.com/mikekao/openkore/goKore/network/implementation/network/receive/game/actor/player.go:190.38,192.2 1 4
github.com/mikekao/openkore/goKore/network/implementation/network/receive/game/actor/player.go:195.51,197.2 1 5
github.com/mikekao/openkore/goKore/network/implementation/network/receive/game/actor/player.go:200.36,202.2 1 1
github.com/mikekao/openkore/goKore/network/implementation/network/receive/game/actor/player.go:205.47,207.2 1 1
github.com/mikekao/openkore/goKore/network/implementation/network/receive/game/actor/player.go:210.37,212.2 1 5
github.com/mikekao/openkore/goKore/network/implementation/network/receive/game/actor/player.go:215.49,217.2 1 5
github.com/mikekao/openkore/goKore/network/implementation/network/receive/game/actor/player.go:220.75,224.2 3 1
github.com/mikekao/openkore/goKore/network/implementation/network/receive/game/actor/player.go:227.52,231.2 3 1
github.com/mikekao/openkore/goKore/network/implementation/network/receive/game/actor/player.go:234.60,238.2 3 1
github.com/mikekao/openkore/goKore/network/implementation/network/receive/game/actor/player.go:241.38,243.2 1 2
github.com/mikekao/openkore/goKore/network/implementation/network/receive/game/actor/player.go:246.49,248.2 1 2
github.com/mikekao/openkore/goKore/network/implementation/network/receive/game/actor/player.go:251.39,253.2 1 3
github.com/mikekao/openkore/goKore/network/implementation/network/receive/game/actor/player.go:256.51,258.2 1 15
github.com/mikekao/openkore/goKore/network/implementation/network/receive/game/actor/player.go:261.39,263.2 1 1
github.com/mikekao/openkore/goKore/network/implementation/network/receive/game/actor/player.go:266.50,268.2 1 20
github.com/mikekao/openkore/goKore/network/implementation/network/receive/game/actor/player.go:271.63,273.2 1 4
github.com/mikekao/openkore/goKore/network/implementation/network/receive/game/actor/player.go:276.62,278.2 1 3
github.com/mikekao/openkore/goKore/network/implementation/network/receive/game/actor/player.go:281.55,283.2 1 5
github.com/mikekao/openkore/goKore/network/implementation/network/receive/game/actor/player.go:286.54,288.2 1 4
github.com/mikekao/openkore/goKore/network/implementation/network/receive/game/actor/player.go:291.38,293.2 1 2
github.com/mikekao/openkore/goKore/network/implementation/network/receive/game/actor/player.go:296.35,332.41 3 20
github.com/mikekao/openkore/goKore/network/implementation/network/receive/game/actor/player.go:332.41,334.3 1 2
github.com/mikekao/openkore/goKore/network/implementation/network/receive/game/actor/player.go:336.2,336.40 1 20
github.com/mikekao/openkore/goKore/network/implementation/network/receive/game/actor/player.go:336.40,338.3 1 2
github.com/mikekao/openkore/goKore/network/implementation/network/receive/game/actor/player.go:340.2,340.19 1 20
